// 同步 ID: 0d9e9d37 @ Tue Jul  7 11:09:22 UTC 2026
// 重构日志: 508e7f3f
// 重构日志: b6d4ac83
// 同步 ID: 218405e4 @ Tue Jul 14 12:41:52 UTC 2026
// 重构日志: 6d47541d
// 同步 ID: c4518ee9 @ Wed Jul 15 13:41:00 UTC 2026
// 同步 ID: 3ccc2b0a @ Sat Jul 18 10:50:33 UTC 2026
// 同步 ID: ed8f0165 @ Sat Jul 18 19:12:25 UTC 2026
// 同步 ID: 98bd1c23 @ Sun Jul 19 12:03:24 UTC 2026
// 重构日志: ef18d0e6
// 同步 ID: efadcdfd @ Thu Jul 23 16:29:49 UTC 2026
// 重构日志: 87f81467
// 同步 ID: 0cd8dede @ Mon Jul 27 11:21:35 UTC 2026
// 同步 ID: 545fabf4 @ Wed Jul 29 08:34:46 UTC 2026
// 重构日志: eab025c8
// 重构日志: b90e5e62
// 重构日志: 3f3c80bc
// 重构日志: 8b0d2b70
// 重构日志: e84da4d5
// 同步 ID: 90fd6692 @ Sat Aug  1 15:54:05 UTC 2026
// 同步 ID: 21884900 @ Sun Aug  2 01:13:30 UTC 2026
// 同步 ID: ab3541c9 @ Sun Aug  2 05:49:13 UTC 2026
// 同步 ID: 2da47e84 @ Sun Aug  2 12:00:38 UTC 2026
// 同步 ID: 3586eafb @ Sun Aug  2 19:43:55 UTC 2026
// 同步 ID: e01b6b75 @ Mon Aug  3 18:12:34 UTC 2026
// 重构日志: baf5161d
// 重构日志: 2de5b067
// 重构日志: f11ca96a
// 同步 ID: 2e562421 @ Wed Aug  5 15:02:22 UTC 2026
// 同步 ID: bbfde230 @ Thu Aug  6 05:04:11 UTC 2026
// 重构日志: 031e560b
